[2026-06-23 02:03:43] To: michal.cohen.dev@gmail.com | Subject: אישור הגעה התקבל
המשתתף מיכל אישר הגעה לאירוע שבת גיבוש משפחתית 2025
------------------------------------------------------------
[2026-06-23 02:08:55] To: david.israeli@gmail.com | Subject: תזכורת תשלום
שלום דוד ישראלי,
סכום לתשלום: 200 ₪
פרטי חשבון: 123
------------------------------------------------------------
[2026-06-23 02:18:13] To: michal.cohen.dev@gmail.com | Subject: אישור הגעה התקבל
המשתתף מיכל אישר הגעה לאירוע שבת גיבוש משפחתית 2025
------------------------------------------------------------
[2026-06-23 02:18:23] To: michal.cohen.dev@gmail.com | Subject: אישור הגעה התקבל
המשתתף מיכל אישר הגעה לאירוע שבת גיבוש משפחתית 2025
------------------------------------------------------------
[2026-06-23 02:24:00] To: michal.cohen.dev@gmail.com | Subject: סקר חדש נוצר
שלום מיכל כהן, נוצר סקר חדש באירוע שבת גיבוש משפחתית 2025.
------------------------------------------------------------
[2026-06-23 02:24:00] To: avigail@gmail.com | Subject: סקר חדש נוצר
שלום אביגיל לוי, נוצר סקר חדש באירוע שבת גיבוש משפחתית 2025.
------------------------------------------------------------
[2026-06-23 02:24:00] To: michal.cohen.dev@gmail.com | Subject: סקר חדש: מה קורה
שלום מיכל כהן, נוצר סקר חדש. אנא מלא/י אותו.
------------------------------------------------------------
[2026-06-23 02:24:00] To: avigail@gmail.com | Subject: סקר חדש: מה קורה
שלום אביגיל לוי, נוצר סקר חדש. אנא מלא/י אותו.
------------------------------------------------------------
[2026-06-23 02:32:23] To: sarah.levi.manager@gmail.com | Subject: תשובה חדשה לסקר
המשתתף מיכל ענה על סקר 3 באירוע מסיבת יום הולדת לרחל
------------------------------------------------------------
[2026-06-23 02:32:31] To: sarah.levi.manager@gmail.com | Subject: תשובה חדשה לסקר
המשתתף מיכל ענה על סקר 3 באירוע מסיבת יום הולדת לרחל
------------------------------------------------------------
[2026-06-23 02:32:59] To: sarah.levi.manager@gmail.com | Subject: תשובה חדשה לסקר
המשתתף מיכל ענה על סקר 3 באירוע מסיבת יום הולדת לרחל
------------------------------------------------------------
[2026-06-23 11:22:46] To: michal.cohen.dev@gmail.com | Subject: תשובה חדשה לסקר
שלום מיכל כהן,

המשתתף Test Participant ענה על סקר 4 באירוע E2E Test Event.

בברכה,
מערכת GatherUp
--------------------------------------------------------------------------------
[2026-06-23 11:22:46] To: rachel.host@gmail.com | Subject: הזמנה מיוחדת — E2E Test Event
Dear Host, you are invited!
--------------------------------------------------------------------------------
[2026-06-23 11:42:37] To: michal.cohen.dev@gmail.com | Subject: תשובה חדשה לסקר
שלום מיכל כהן,

המשתתף אביגיל לוי ענה על סקר 1 באירוע שבת גיבוש משפחתית 2025.

בברכה,
מערכת GatherUp
--------------------------------------------------------------------------------
[2026-06-23 11:42:44] To: michal.cohen.dev@gmail.com | Subject: תשובה חדשה לסקר
שלום מיכל כהן,

המשתתף אביגיל לוי ענה על סקר 1 באירוע שבת גיבוש משפחתית 2025.

בברכה,
מערכת GatherUp
--------------------------------------------------------------------------------
[2026-06-23 11:46:05] To: michal.cohen.dev@gmail.com | Subject: סקר חדש נוצר
שלום מיכל כהן,

נוצר סקר חדש באירוע שבת גיבוש משפחתית 2025.

על מנת להשתתף בסקר, בקר ב-http://gatherup.app/polls.html

בברכה,
מערכת GatherUp
--------------------------------------------------------------------------------
[2026-06-23 11:46:05] To: avigail@gmail.com | Subject: סקר חדש נוצר
שלום אביגיל לוי,

נוצר סקר חדש באירוע שבת גיבוש משפחתית 2025.

על מנת להשתתף בסקר, בקר ב-http://gatherup.app/polls.html

בברכה,
מערכת GatherUp
--------------------------------------------------------------------------------
[2026-06-23 11:46:05] To: michal.cohen.dev@gmail.com | Subject: סקר חדש: מה קורה
שלום מיכל כהן, נוצר סקר חדש. אנא מלא/י אותו.
--------------------------------------------------------------------------------
[2026-06-23 11:46:05] To: avigail@gmail.com | Subject: סקר חדש: מה קורה
שלום אביגיל לוי, נוצר סקר חדש. אנא מלא/י אותו.
--------------------------------------------------------------------------------
[2026-06-23 11:49:08] To: avigail@gmail.com | Subject: הזמנה לאירוע: שבת גיבוש משפחתית 2025
שלום אביגיל לוי,

אנו שמחים להזמין אותך לשבת גיבוש משפחתית מיוחדת!

📅 תאריך: 23/07/2026
📍 מיקום: ירושלים
💰 סכום לתשלום: 200₪
💳 אפשרויות תשלום: העברה בנקאית: בנק הפועלים, סניף 12, חשבון 345678

לאישור הגעה ותשלום: https://localhost:54090/notification-preferences.html

בברכה,
מערכת GatherUp
--------------------------------------------------------------------------------
[2026-06-23 13:23:40] To: michal.cohen.dev@gmail.com | Subject: תשלום התקבל
שלום מיכל כהן,

המשתתף אביגיל לוי שילם עבור אירוע שבת גיבוש משפחתית 2025

סכום: 200₪

בברכה,
מערכת GatherUp
--------------------------------------------------------------------------------
[2026-06-23 13:53:34] To: michal.cohen.dev@gmail.com | Subject: תשלום התקבל
שלום מיכל כהן,

המשתתף דוד ישראלי שילם עבור אירוע שבת גיבוש משפחתית 2025

סכום: 200₪

בברכה,
מערכת GatherUp
--------------------------------------------------------------------------------
[2026-06-23 14:13:30] To: avigail@gmail.com | Subject: הזמנה לאירוע: חתונת מיכל ויוסי
שלום אביגיל לוי,

אנו שמחים להזמין אותך לאירוע חתונת מיכל ויוסי.

📅 תאריך: 23/06/2026
📍 מיקום: חיפה
💰 סכום לתשלום: 100₪

לאישור הגעה ותשלום: https://localhost:54090/rsvp.html?participantId=102&eventId=502

בברכה,
מערכת GatherUp
--------------------------------------------------------------------------------
[2026-06-23 14:13:30] To: nhjk@gmail.com | Subject: הזמנה לאירוע: חתונת מיכל ויוסי
שלום afj,

אנו שמחים להזמין אותך לאירוע חתונת מיכל ויוסי.

📅 תאריך: 23/06/2026
📍 מיקום: חיפה
💰 סכום לתשלום: 100₪

לאישור הגעה ותשלום: https://localhost:54090/rsvp.html?participantId=105&eventId=502

בברכה,
מערכת GatherUp
--------------------------------------------------------------------------------
[2026-06-23 14:13:30] To: avigail@gmail.com | Subject: פרטי האירוע עודכנו
שלום אביגיל לוי,

חל עדכון בפרטי האירוע חתונת מיכל ויוסי.

תאריך: 23/06/2026
מיקום: חיפה
מחיר: 100₪

בברכה,
מערכת GatherUp
--------------------------------------------------------------------------------
[2026-06-23 14:13:30] To: david.israeli@gmail.com | Subject: פרטי האירוע עודכנו
שלום דוד ישראלי,

חל עדכון בפרטי האירוע חתונת מיכל ויוסי.

תאריך: 23/06/2026
מיקום: חיפה
מחיר: 100₪

בברכה,
מערכת GatherUp
--------------------------------------------------------------------------------
[2026-06-23 14:16:30] To: david.israeli@gmail.com | Subject: תזכורת תשלום
שלום דוד ישראלי,
סכום לתשלום: 100 ₪
פרטי חשבון: 1234
--------------------------------------------------------------------------------
[2026-06-23 15:12:22] To: david.israeli@gmail.com | Subject: תזכורת תשלום
שלום דוד ישראלי,
סכום לתשלום: 100 ₪
פרטי חשבון: 1234
--------------------------------------------------------------------------------
[2026-06-23 16:20:58] To: avigail@gmail.com | Subject: הזמנה לאירוע: חתונת מיכל ויוסי
שלום אביגיל לוי,

אנו שמחים להזמין אותך לאירוע חתונת מיכל ויוסי.

📅 תאריך: 23/06/2026
📍 מיקום: חיפה
💰 סכום לתשלום: 100₪

לאישור הגעה ותשלום: https://localhost:54090/rsvp.html?participantId=102&eventId=502

בברכה,
מערכת GatherUp
--------------------------------------------------------------------------------
[2026-06-23 16:20:58] To: nhjk@gmail.com | Subject: הזמנה לאירוע: חתונת מיכל ויוסי
שלום afj,

אנו שמחים להזמין אותך לאירוע חתונת מיכל ויוסי.

📅 תאריך: 23/06/2026
📍 מיקום: חיפה
💰 סכום לתשלום: 100₪

לאישור הגעה ותשלום: https://localhost:54090/rsvp.html?participantId=105&eventId=502

בברכה,
מערכת GatherUp
--------------------------------------------------------------------------------
[2026-06-23 16:21:01] To: avigail@gmail.com | Subject: הזמנה לאירוע: שבת גיבוש משפחתית 2025
שלום אביגיל לוי,

אנו שמחים להזמין אותך לשבת גיבוש משפחתית מיוחדת!

📅 תאריך: 23/07/2026
📍 מיקום: ירושלים
💰 סכום לתשלום: 200₪
💳 אפשרויות תשלום: העברה בנקאית: בנק הפועלים, סניף 12, חשבון 345678

לאישור הגעה ותשלום: https://localhost:54090/rsvp.html?participantId=102&eventId=500

בברכה,
מערכת GatherUp
--------------------------------------------------------------------------------
[2026-06-23 16:21:07] To: avigail@gmail.com | Subject: הזמנה לאירוע: שבת גיבוש משפחתית 2025
שלום אביגיל לוי,

אנו שמחים להזמין אותך לשבת גיבוש משפחתית מיוחדת!

📅 תאריך: 23/07/2026
📍 מיקום: ירושלים
💰 סכום לתשלום: 200₪
💳 אפשרויות תשלום: העברה בנקאית: בנק הפועלים, סניף 12, חשבון 345678

לאישור הגעה ותשלום: https://localhost:54090/rsvp.html?participantId=102&eventId=500

בברכה,
מערכת GatherUp
--------------------------------------------------------------------------------
[2026-06-23 16:24:21] To: michal.cohen.dev@gmail.com | Subject: פרטי האירוע עודכנו
שלום מיכל כהן,

חל עדכון בפרטי האירוע שבת גיבוש משפחתית 2025.

תאריך: 23/07/2026
מיקום: ירושלים
מחיר: 200₪

בברכה,
מערכת GatherUp
--------------------------------------------------------------------------------
[2026-06-23 16:24:21] To: avigail@gmail.com | Subject: פרטי האירוע עודכנו
שלום אביגיל לוי,

חל עדכון בפרטי האירוע שבת גיבוש משפחתית 2025.

תאריך: 23/07/2026
מיקום: ירושלים
מחיר: 200₪

בברכה,
מערכת GatherUp
--------------------------------------------------------------------------------
[2026-06-23 16:24:21] To: david.israeli@gmail.com | Subject: פרטי האירוע עודכנו
שלום דוד ישראלי,

חל עדכון בפרטי האירוע שבת גיבוש משפחתית 2025.

תאריך: 23/07/2026
מיקום: ירושלים
מחיר: 200₪

בברכה,
מערכת GatherUp
--------------------------------------------------------------------------------
[2026-06-23 16:24:32] To: michal.cohen.dev@gmail.com | Subject: תזכורת תשלום
שלום מיכל כהן,

טרם התקבל תשלומך עבור האירוע "שבת גיבוש משפחתית 2025".
סכום לתשלום: 200₪
פרטי חשבון: 1234

בברכה,
מערכת GatherUp
--------------------------------------------------------------------------------
[2026-06-23 16:24:32] To: avigail@gmail.com | Subject: תזכורת תשלום
שלום אביגיל לוי,

טרם התקבל תשלומך עבור האירוע "שבת גיבוש משפחתית 2025".
סכום לתשלום: 200₪
פרטי חשבון: 1234

בברכה,
מערכת GatherUp
--------------------------------------------------------------------------------
[2026-06-23 16:24:32] To: avital0583292637@gmail.com | Subject: תזכורת תשלום
שלום בת ציון נבנצל,

טרם התקבל תשלומך עבור האירוע "שבת גיבוש משפחתית 2025".
סכום לתשלום: 200₪
פרטי חשבון: 1234

בברכה,
מערכת GatherUp
--------------------------------------------------------------------------------
[2026-06-23 16:24:45] To: michal.cohen.dev@gmail.com | Subject: אישור הגעה התקבל
שלום מיכל כהן,

המשתתף בת ציון נבנצל אישר הגעה לאירוע שבת גיבוש משפחתית 2025

סטטוס: ✅ מגיע/ה

בברכה,
מערכת GatherUp
--------------------------------------------------------------------------------
[2026-06-23 16:25:11] To: avigail@gmail.com | Subject: הזמנה לאירוע: שבת גיבוש משפחתית 2025
שלום אביגיל לוי,

אנו שמחים להזמין אותך לשבת גיבוש משפחתית מיוחדת!

📅 תאריך: 23/07/2026
📍 מיקום: ירושלים
💰 סכום לתשלום: 200₪
💳 אפשרויות תשלום: העברה בנקאית: בנק הפועלים, סניף 12, חשבון 345678

לאישור הגעה ותשלום: https://localhost:54090/rsvp.html?participantId=102&eventId=500

בברכה,
מערכת GatherUp
--------------------------------------------------------------------------------
[2026-06-23 16:31:20] To: michal.cohen.dev@gmail.com | Subject: סקר חדש נוצר
שלום מיכל כהן,

נוצר סקר חדש באירוע שבת גיבוש משפחתית 2025.

על מנת להשתתף בסקר, בקר ב-http://gatherup.app/polls.html

בברכה,
מערכת GatherUp
--------------------------------------------------------------------------------
[2026-06-23 16:31:20] To: avigail@gmail.com | Subject: סקר חדש נוצר
שלום אביגיל לוי,

נוצר סקר חדש באירוע שבת גיבוש משפחתית 2025.

על מנת להשתתף בסקר, בקר ב-http://gatherup.app/polls.html

בברכה,
מערכת GatherUp
--------------------------------------------------------------------------------
[2026-06-23 16:31:20] To: michal.cohen.dev@gmail.com | Subject: סקר חדש: איפה
שלום מיכל כהן, נוצר סקר חדש. אנא מלא/י אותו.
--------------------------------------------------------------------------------
[2026-06-23 16:31:20] To: avigail@gmail.com | Subject: סקר חדש: איפה
שלום אביגיל לוי, נוצר סקר חדש. אנא מלא/י אותו.
--------------------------------------------------------------------------------
[2026-06-23 16:41:36] To: avigail@gmail.com | Subject: הזמנה לאירוע: שבת גיבוש משפחתית 2025
שלום אביגיל לוי,

אנו שמחים להזמין אותך לשבת גיבוש משפחתית מיוחדת!

📅 תאריך: 23/07/2026
📍 מיקום: ירושלים
💰 סכום לתשלום: 200₪
💳 אפשרויות תשלום: העברה בנקאית: בנק הפועלים, סניף 12, חשבון 345678

לאישור הגעה ותשלום: https://localhost:54090/rsvp.html?participantId=102&eventId=500

בברכה,
מערכת GatherUp
--------------------------------------------------------------------------------
[2026-06-23 16:41:36] To: batziyoneven123@gmail.com | Subject: הזמנה לאירוע: שבת גיבוש משפחתית 2025
שלום בת ציון נבנצל,

אנו שמחים להזמין אותך לשבת גיבוש משפחתית מיוחדת!

📅 תאריך: 23/07/2026
📍 מיקום: ירושלים
💰 סכום לתשלום: 200₪
💳 אפשרויות תשלום: העברה בנקאית: בנק הפועלים, סניף 12, חשבון 345678

לאישור הגעה ותשלום: https://localhost:54090/rsvp.html?participantId=107&eventId=500

בברכה,
מערכת GatherUp
--------------------------------------------------------------------------------
[2026-06-23 16:42:15] To: michal.cohen.dev@gmail.com | Subject: תזכורת תשלום
שלום מיכל כהן,

טרם התקבל תשלומך עבור האירוע "שבת גיבוש משפחתית 2025".
סכום לתשלום: 200₪
פרטי חשבון: 123

בברכה,
מערכת GatherUp
--------------------------------------------------------------------------------
[2026-06-23 16:42:16] To: avital0583292637@gmail.com | Subject: תזכורת תשלום
שלום בת ציון נבנצל,

טרם התקבל תשלומך עבור האירוע "שבת גיבוש משפחתית 2025".
סכום לתשלום: 200₪
פרטי חשבון: 123

בברכה,
מערכת GatherUp
--------------------------------------------------------------------------------
[2026-06-23 16:43:52] To: michal.cohen.dev@gmail.com | Subject: תזכורת תשלום
שלום מיכל כהן,

טרם התקבל תשלומך עבור האירוע "שבת גיבוש משפחתית 2025".
סכום לתשלום: 200₪
פרטי חשבון: 1213

בברכה,
מערכת GatherUp
--------------------------------------------------------------------------------
[2026-06-23 16:43:52] To: avital0583292637@gmail.com | Subject: תזכורת תשלום
שלום בת ציון נבנצל,

טרם התקבל תשלומך עבור האירוע "שבת גיבוש משפחתית 2025".
סכום לתשלום: 200₪
פרטי חשבון: 1213

בברכה,
מערכת GatherUp
--------------------------------------------------------------------------------
[2026-06-23 16:46:10] To: michal.cohen.dev@gmail.com | Subject: תזכורת תשלום
שלום מיכל כהן,

טרם התקבל תשלומך עבור האירוע "שבת גיבוש משפחתית 2025".
סכום לתשלום: 200₪
פרטי חשבון: 1234

בברכה,
מערכת GatherUp
--------------------------------------------------------------------------------
[2026-06-23 16:46:10] To: avital0583292637@gmail.com | Subject: תזכורת תשלום
שלום בת ציון נבנצל,

טרם התקבל תשלומך עבור האירוע "שבת גיבוש משפחתית 2025".
סכום לתשלום: 200₪
פרטי חשבון: 1234

בברכה,
מערכת GatherUp
--------------------------------------------------------------------------------
[2026-06-23 16:48:34] To: michal.cohen.dev@gmail.com | Subject: עדכון הגעה התקבל
שלום מיכל כהן,

המשתתף בת ציון נבנצל עדכן את סטטוס הגעתו לאירוע "שבת גיבוש משפחתית 2025".

סטטוס: ✅ מגיע/ה

בברכה,
מערכת GatherUp
--------------------------------------------------------------------------------
[2026-06-23 16:48:34] To: batziyoneven123@gmail.com | Subject: אישור הגעה נרשם ✅
שלום בת ציון נבנצל,

אישור הגעתך לאירוע "שבת גיבוש משפחתית 2025" נרשם בהצלחה.

📅 תאריך: 23/07/2026
📍 מיקום: ירושלים
💰 סכום לתשלום: 200₪

בברכה,
מערכת GatherUp
--------------------------------------------------------------------------------
[2026-06-23 16:48:50] To: michal.cohen.dev@gmail.com | Subject: תזכורת תשלום
שלום מיכל כהן,

טרם התקבל תשלומך עבור האירוע "שבת גיבוש משפחתית 2025".
סכום לתשלום: 200₪
פרטי חשבון: 1234

בברכה,
מערכת GatherUp
--------------------------------------------------------------------------------
[2026-06-23 16:48:50] To: avital0583292637@gmail.com | Subject: תזכורת תשלום
שלום בת ציון נבנצל,

טרם התקבל תשלומך עבור האירוע "שבת גיבוש משפחתית 2025".
סכום לתשלום: 200₪
פרטי חשבון: 1234

בברכה,
מערכת GatherUp
--------------------------------------------------------------------------------
[2026-06-23 16:48:50] To: batziyoneven123@gmail.com | Subject: תזכורת תשלום
שלום בת ציון נבנצל,

טרם התקבל תשלומך עבור האירוע "שבת גיבוש משפחתית 2025".
סכום לתשלום: 200₪
פרטי חשבון: 1234

בברכה,
מערכת GatherUp
--------------------------------------------------------------------------------
[2026-06-23 17:31:18] To: michal.cohen.dev@gmail.com | Subject: תזכורת תשלום
שלום מיכל כהן,

טרם התקבל תשלומך עבור האירוע "שבת גיבוש משפחתית 2025".
סכום לתשלום: 200₪
פרטי חשבון: 1234

בברכה,
מערכת GatherUp
--------------------------------------------------------------------------------
[2026-06-23 17:31:18] To: batziyoneven123@gmail.com | Subject: תזכורת תשלום
שלום בת ציון נבנצל,

טרם התקבל תשלומך עבור האירוע "שבת גיבוש משפחתית 2025".
סכום לתשלום: 200₪
פרטי חשבון: 1234

בברכה,
מערכת GatherUp
--------------------------------------------------------------------------------
[2026-06-23 17:36:09] To: michal.cohen.dev@gmail.com | Subject: תזכורת תשלום
שלום מיכל כהן,

טרם התקבל תשלומך עבור האירוע "שבת גיבוש משפחתית 2025".
סכום לתשלום: 200₪
פרטי חשבון: 1213

בברכה,
מערכת GatherUp
--------------------------------------------------------------------------------
[2026-06-23 17:36:10] To: batziyoneven123@gmail.com | Subject: תזכורת תשלום
שלום בת ציון נבנצל,

טרם התקבל תשלומך עבור האירוע "שבת גיבוש משפחתית 2025".
סכום לתשלום: 200₪
פרטי חשבון: 1213

בברכה,
מערכת GatherUp
--------------------------------------------------------------------------------
[2026-06-23 17:45:55] To: michal.cohen.dev@gmail.com | Subject: תזכורת תשלום
שלום מיכל כהן,

טרם התקבל תשלומך עבור האירוע "שבת גיבוש משפחתית 2025".
סכום לתשלום: 200₪
פרטי חשבון: 1213

בברכה,
מערכת GatherUp
--------------------------------------------------------------------------------
[2026-06-23 17:45:55] To: avital0583292637@gmail.com | Subject: תזכורת תשלום
שלום בת ציון נבנצל,

טרם התקבל תשלומך עבור האירוע "שבת גיבוש משפחתית 2025".
סכום לתשלום: 200₪
פרטי חשבון: 1213

בברכה,
מערכת GatherUp
--------------------------------------------------------------------------------
[2026-06-23 17:45:55] To: batziyoneven123@gmail.com | Subject: תזכורת תשלום
שלום בת ציון נבנצל,

טרם התקבל תשלומך עבור האירוע "שבת גיבוש משפחתית 2025".
סכום לתשלום: 200₪
פרטי חשבון: 1213

בברכה,
מערכת GatherUp
--------------------------------------------------------------------------------
[2026-06-23 17:47:05] To: michal.cohen.dev@gmail.com | Subject: תזכורת תשלום
שלום מיכל כהן,

טרם התקבל תשלומך עבור האירוע "שבת גיבוש משפחתית 2025".
סכום לתשלום: 200₪
פרטי חשבון: 1213

בברכה,
מערכת GatherUp
--------------------------------------------------------------------------------
[2026-06-23 17:47:05] To: avital0583292637@gmail.com | Subject: תזכורת תשלום
שלום בת ציון נבנצל,

טרם התקבל תשלומך עבור האירוע "שבת גיבוש משפחתית 2025".
סכום לתשלום: 200₪
פרטי חשבון: 1213

בברכה,
מערכת GatherUp
--------------------------------------------------------------------------------
[2026-06-23 17:47:05] To: batziyoneven123@gmail.com | Subject: תזכורת תשלום
שלום בת ציון נבנצל,

טרם התקבל תשלומך עבור האירוע "שבת גיבוש משפחתית 2025".
סכום לתשלום: 200₪
פרטי חשבון: 1213

בברכה,
מערכת GatherUp
--------------------------------------------------------------------------------
[2026-06-23 17:48:31] To: avigail@gmail.com | Subject: הזמנה לאירוע: שבת גיבוש משפחתית 2025
שלום אביגיל לוי,

אנו שמחים להזמין אותך לשבת גיבוש משפחתית מיוחדת!

📅 תאריך: 23/07/2026
📍 מיקום: ירושלים
💰 סכום לתשלום: 200₪
💳 אפשרויות תשלום: העברה בנקאית: בנק הפועלים, סניף 12, חשבון 345678

לאישור הגעה ותשלום: https://localhost:54090/rsvp.html?participantId=102&eventId=500

בברכה,
מערכת GatherUp
--------------------------------------------------------------------------------
[2026-06-23 17:49:04] To: avigail@gmail.com | Subject: הזמנה לאירוע: שבת גיבוש משפחתית 2025
שלום אביגיל לוי,

אנו שמחים להזמין אותך לשבת גיבוש משפחתית מיוחדת!

📅 תאריך: 23/07/2026
📍 מיקום: ירושלים
💰 סכום לתשלום: 200₪
💳 אפשרויות תשלום: העברה בנקאית: בנק הפועלים, סניף 12, חשבון 345678

לאישור הגעה ותשלום: https://localhost:54090/rsvp.html?participantId=102&eventId=500

בברכה,
מערכת GatherUp
--------------------------------------------------------------------------------
[2026-06-23 17:50:01] To: avigai8l@gmail.com | Subject: נרשמת לאירוע: שבת גיבוש משפחתית 2025
שלום בת ציון נבנצל,

נרשמת בהצלחה לאירוע "שבת גיבוש משפחתית 2025".

📅 תאריך: 23/07/2026
📍 מיקום: ירושלים
💰 מחיר: 200₪

בקרוב תקבל/י הזמנה רשמית עם קישור לאישור הגעה.

בברכה,
מערכת GatherUp
--------------------------------------------------------------------------------
[2026-06-23 18:01:41] To: avigai8l7@gmail.com | Subject: נרשמת לאירוע: שבת גיבוש משפחתית 2025
שלום בת ציון נבנצל,

נרשמת בהצלחה לאירוע "שבת גיבוש משפחתית 2025".

📅 תאריך: 23/07/2026
📍 מיקום: ירושלים
💰 מחיר: 200₪

בקרוב תקבל/י הזמנה רשמית עם קישור לאישור הגעה.

בברכה,
מערכת GatherUp
--------------------------------------------------------------------------------
[2026-06-23 18:21:40] To: avigai8l78@gmail.com | Subject: הוזמנת לאירוע: שבת גיבוש משפחתית 2025
שלום אא,

הוזמנת להשתתף באירוע "שבת גיבוש משפחתית 2025".

📅 תאריך: 23/07/2026
📍 מיקום: ירושלים
💰 מחיר: 200₪

✅ לאישור הגעה לחץ/י על הלינק:
https://localhost:54090/rsvp.html?participantId=110&eventId=500

בברכה,
מערכת GatherUp
--------------------------------------------------------------------------------
[2026-06-23 18:22:08] To: michal.cohen.dev@gmail.com | Subject: עדכון הגעה התקבל
שלום מיכל כהן,

המשתתף אא עדכן את סטטוס הגעתו לאירוע "שבת גיבוש משפחתית 2025".

סטטוס: ✅ מגיע/ה

בברכה,
מערכת GatherUp
--------------------------------------------------------------------------------
[2026-06-23 18:22:08] To: avigai8l78@gmail.com | Subject: אישור הגעה נרשם ✅
שלום אא,

אישור הגעתך לאירוע "שבת גיבוש משפחתית 2025" נרשם בהצלחה.

📅 תאריך: 23/07/2026
📍 מיקום: ירושלים
💰 סכום לתשלום: 200₪

בברכה,
מערכת GatherUp
--------------------------------------------------------------------------------
[2026-06-23 18:23:01] To: avigail@gmail.com | Subject: הזמנה לאירוע: שבת גיבוש משפחתית 2025
שלום אביגיל לוי,

אנו שמחים להזמין אותך לשבת גיבוש משפחתית מיוחדת!

📅 תאריך: 23/07/2026
📍 מיקום: ירושלים
💰 סכום לתשלום: 200₪
💳 אפשרויות תשלום: העברה בנקאית: בנק הפועלים, סניף 12, חשבון 345678

📝 לפני האישור, אנא מלא/י את השאלון המקדים:
https://localhost:54090/poll-vote.html?pollId=1

✅ לאישור הגעה לחץ/י כאן:
https://localhost:54090/rsvp.html?participantId=102&eventId=500

בברכה,
מערכת GatherUp
--------------------------------------------------------------------------------
[2026-06-23 18:23:01] To: avigai8l@gmail.com | Subject: הזמנה לאירוע: שבת גיבוש משפחתית 2025
שלום בת ציון נבנצל,

אנו שמחים להזמין אותך לשבת גיבוש משפחתית מיוחדת!

📅 תאריך: 23/07/2026
📍 מיקום: ירושלים
💰 סכום לתשלום: 200₪
💳 אפשרויות תשלום: העברה בנקאית: בנק הפועלים, סניף 12, חשבון 345678

📝 לפני האישור, אנא מלא/י את השאלון המקדים:
https://localhost:54090/poll-vote.html?pollId=1

✅ לאישור הגעה לחץ/י כאן:
https://localhost:54090/rsvp.html?participantId=108&eventId=500

בברכה,
מערכת GatherUp
--------------------------------------------------------------------------------
[2026-06-23 18:23:01] To: avigai8l7@gmail.com | Subject: הזמנה לאירוע: שבת גיבוש משפחתית 2025
שלום בת ציון נבנצל,

אנו שמחים להזמין אותך לשבת גיבוש משפחתית מיוחדת!

📅 תאריך: 23/07/2026
📍 מיקום: ירושלים
💰 סכום לתשלום: 200₪
💳 אפשרויות תשלום: העברה בנקאית: בנק הפועלים, סניף 12, חשבון 345678

📝 לפני האישור, אנא מלא/י את השאלון המקדים:
https://localhost:54090/poll-vote.html?pollId=1

✅ לאישור הגעה לחץ/י כאן:
https://localhost:54090/rsvp.html?participantId=109&eventId=500

בברכה,
מערכת GatherUp
--------------------------------------------------------------------------------
[2026-06-24 02:28:54] To: michal.cohen.dev@gmail.com | Subject: תשובה חדשה לסקר
שלום מיכל כהן,

המשתתף אביגיל לוי ענה על סקר 6 באירוע חתונת מיכל ויוסי.

בברכה,
מערכת GatherUp
--------------------------------------------------------------------------------
[2026-06-24 03:00:26] To: michal.cohen.dev@gmail.com | Subject: עדכון הגעה התקבל
שלום מיכל כהן,

המשתתף אביגיל לוי עדכן את סטטוס הגעתו לאירוע "שבת גיבוש משפחתית 2025".

סטטוס: ✅ מגיע/ה

בברכה,
מערכת GatherUp
--------------------------------------------------------------------------------
[2026-06-24 03:00:26] To: avigail@gmail.com | Subject: אישור הגעה נרשם ✅
שלום אביגיל לוי,

אישור הגעתך לאירוע "שבת גיבוש משפחתית 2025" נרשם בהצלחה.

📅 תאריך: 23/07/2026
📍 מיקום: ירושלים
💰 סכום לתשלום: 200₪

בברכה,
מערכת GatherUp
--------------------------------------------------------------------------------
[2026-06-24 03:00:29] To: michal.cohen.dev@gmail.com | Subject: עדכון הגעה התקבל
שלום מיכל כהן,

המשתתף אביגיל לוי עדכן את סטטוס הגעתו לאירוע "שבת גיבוש משפחתית 2025".

סטטוס: ❌ לא מגיע/ה

בברכה,
מערכת GatherUp
--------------------------------------------------------------------------------
[2026-06-24 03:00:29] To: avigail@gmail.com | Subject: דיווח אי-הגעה נרשם ❌
שלום אביגיל לוי,

קיבלנו את הודעתך שלא תוכל/י להגיע לאירוע "שבת גיבוש משפחתית 2025".

בברכה,
מערכת GatherUp
--------------------------------------------------------------------------------
[2026-06-24 03:06:31] To: michal.cohen.dev@gmail.com | Subject: עדכון הגעה התקבל
שלום מיכל כהן,

המשתתף אביגיל לוי עדכן את סטטוס הגעתו לאירוע "שבת גיבוש משפחתית 2025".

סטטוס: ✅ מגיע/ה

בברכה,
מערכת GatherUp
--------------------------------------------------------------------------------
[2026-06-24 03:06:31] To: avigail@gmail.com | Subject: אישור הגעה נרשם ✅
שלום אביגיל לוי,

אישור הגעתך לאירוע "שבת גיבוש משפחתית 2025" נרשם בהצלחה.

📅 תאריך: 23/07/2026
📍 מיקום: ירושלים
💰 סכום לתשלום: 200₪

בברכה,
מערכת GatherUp
--------------------------------------------------------------------------------
[2026-06-24 03:19:19] To: michal.cohen.dev@gmail.com | Subject: עדכון הגעה התקבל
שלום מיכל כהן,

המשתתף אביגיל לוי עדכן את סטטוס הגעתו לאירוע "שבת גיבוש משפחתית 2025".

סטטוס: ❌ לא מגיע/ה

בברכה,
מערכת GatherUp
--------------------------------------------------------------------------------
[2026-06-24 03:19:19] To: avigail@gmail.com | Subject: דיווח אי-הגעה נרשם ❌
שלום אביגיל לוי,

קיבלנו את הודעתך שלא תוכל/י להגיע לאירוע "שבת גיבוש משפחתית 2025".

בברכה,
מערכת GatherUp
--------------------------------------------------------------------------------
[2026-06-24 03:20:19] To: michal.cohen.dev@gmail.com | Subject: תזכורת תשלום
שלום מיכל כהן,

טרם התקבל תשלומך עבור האירוע "שבת גיבוש משפחתית 2025".
סכום לתשלום: 200₪
פרטי חשבון: 12345

בברכה,
מערכת GatherUp
--------------------------------------------------------------------------------
[2026-06-24 03:20:19] To: avital0583292637@gmail.com | Subject: תזכורת תשלום
שלום בת ציון נבנצל,

טרם התקבל תשלומך עבור האירוע "שבת גיבוש משפחתית 2025".
סכום לתשלום: 200₪
פרטי חשבון: 12345

בברכה,
מערכת GatherUp
--------------------------------------------------------------------------------
[2026-06-24 03:20:19] To: batziyoneven123@gmail.com | Subject: תזכורת תשלום
שלום בת ציון נבנצל,

טרם התקבל תשלומך עבור האירוע "שבת גיבוש משפחתית 2025".
סכום לתשלום: 200₪
פרטי חשבון: 12345

בברכה,
מערכת GatherUp
--------------------------------------------------------------------------------
[2026-06-24 03:20:19] To: avigai8l78@gmail.com | Subject: תזכורת תשלום
שלום אא,

טרם התקבל תשלומך עבור האירוע "שבת גיבוש משפחתית 2025".
סכום לתשלום: 200₪
פרטי חשבון: 12345

בברכה,
מערכת GatherUp
--------------------------------------------------------------------------------
[2026-06-24 13:56:43] To: batziyoneven123@gmail.com | Subject: הוזמנת לאירוע: חתונה
שלום בת ציון נבנצל,

הוזמנת להשתתף באירוע "חתונה".

📅 תאריך: 24/06/2026
📍 מיקום: תל אביב
💰 מחיר: 0₪

✅ לאישור הגעה לחץ/י על הלינק:
https://localhost:54090/rsvp.html?participantId=107&eventId=503

בברכה,
מערכת GatherUp
--------------------------------------------------------------------------------
[2026-06-24 14:00:50] To: michal.cohen.dev@gmail.com | Subject: עדכון הגעה התקבל
שלום מיכל כהן,

המשתתף בת ציון נבנצל עדכן את סטטוס הגעתו לאירוע "חתונה".

סטטוס: ✅ מגיע/ה

בברכה,
מערכת GatherUp
--------------------------------------------------------------------------------
[2026-06-24 14:00:50] To: batziyoneven123@gmail.com | Subject: אישור הגעה נרשם ✅
שלום בת ציון נבנצל,

אישור הגעתך לאירוע "חתונה" נרשם בהצלחה.

📅 תאריך: 24/06/2026
📍 מיקום: תל אביב
💰 סכום לתשלום: 0₪

בברכה,
מערכת GatherUp
--------------------------------------------------------------------------------
[2026-06-24 19:12:29] To: avigai8l@gmail.com | Subject: הזמנה לאירוע: שבת גיבוש משפחתית 2025
שלום בת ציון נבנצל,

אנו שמחים להזמין אותך לשבת גיבוש משפחתית מיוחדת!

📅 תאריך: 23/07/2026
📍 מיקום: ירושלים
💰 סכום לתשלום: 200₪
💳 אפשרויות תשלום: העברה בנקאית: בנק הפועלים, סניף 12, חשבון 345678

📝 לפני האישור, אנא מלא/י את השאלון המקדים:
https://localhost:54090/poll-vote.html?pollId=1

✅ לאישור הגעה לחץ/י כאן:
https://localhost:54090/rsvp.html?participantId=108&eventId=500

בברכה,
מערכת GatherUp
--------------------------------------------------------------------------------
[2026-06-24 19:12:29] To: avigai8l7@gmail.com | Subject: הזמנה לאירוע: שבת גיבוש משפחתית 2025
שלום בת ציון נבנצל,

אנו שמחים להזמין אותך לשבת גיבוש משפחתית מיוחדת!

📅 תאריך: 23/07/2026
📍 מיקום: ירושלים
💰 סכום לתשלום: 200₪
💳 אפשרויות תשלום: העברה בנקאית: בנק הפועלים, סניף 12, חשבון 345678

📝 לפני האישור, אנא מלא/י את השאלון המקדים:
https://localhost:54090/poll-vote.html?pollId=1

✅ לאישור הגעה לחץ/י כאן:
https://localhost:54090/rsvp.html?participantId=109&eventId=500

בברכה,
מערכת GatherUp
--------------------------------------------------------------------------------
[2026-06-24 19:29:01] To: batziyoneven123@gmail.com | Subject: הוזמנת לאירוע: חתונה12
שלום בת ציון נבנצל,

הוזמנת להשתתף באירוע "חתונה12".

📅 תאריך: 24/06/2026
📍 מיקום: תל אביב
💰 מחיר: 0₪

✅ לאישור הגעה לחץ/י על הלינק:
https://localhost:54090/rsvp.html?participantId=107&eventId=504

בברכה,
מערכת GatherUp
--------------------------------------------------------------------------------
[2026-06-24 19:29:23] To: michal.cohen.dev@gmail.com | Subject: הוזמנת לאירוע: חתונה12
שלום מיכל כהן,

הוזמנת להשתתף באירוע "חתונה12".

📅 תאריך: 24/06/2026
📍 מיקום: תל אביב
💰 מחיר: 0₪

✅ לאישור הגעה לחץ/י על הלינק:
https://localhost:54090/rsvp.html?participantId=101&eventId=504

בברכה,
מערכת GatherUp
--------------------------------------------------------------------------------
[2026-06-24 20:47:34] To: nhjk@gmail.com | Subject: הוזמנת לאירוע: ערב יוקרתי
שלום afj,

הוזמנת להשתתף באירוע "ערב יוקרתי".

📅 תאריך: 24/06/2026
📍 מיקום: רמת גן
💰 מחיר: 250₪

✅ לאישור הגעה לחץ/י על הלינק:
https://localhost:54090/rsvp.html?participantId=105&eventId=505

בברכה,
מערכת GatherUp
--------------------------------------------------------------------------------
[2026-06-24 20:50:55] To: avigai8l@gmail.com | Subject: הזמנה לאירוע: שבת גיבוש משפחתית 2025
שלום בת ציון נבנצל,

אנו שמחים להזמין אותך לשבת גיבוש משפחתית מיוחדת!

📅 תאריך: 23/07/2026
📍 מיקום: ירושלים
💰 סכום לתשלום: 200₪
💳 אפשרויות תשלום: העברה בנקאית: בנק הפועלים, סניף 12, חשבון 345678

📝 לפני האישור, אנא מלא/י את השאלון המקדים:
https://localhost:54090/poll-vote.html?pollId=1

✅ לאישור הגעה לחץ/י כאן:
https://localhost:54090/rsvp.html?participantId=108&eventId=500

בברכה,
מערכת GatherUp
--------------------------------------------------------------------------------
[2026-06-24 20:50:55] To: avigai8l7@gmail.com | Subject: הזמנה לאירוע: שבת גיבוש משפחתית 2025
שלום בת ציון נבנצל,

אנו שמחים להזמין אותך לשבת גיבוש משפחתית מיוחדת!

📅 תאריך: 23/07/2026
📍 מיקום: ירושלים
💰 סכום לתשלום: 200₪
💳 אפשרויות תשלום: העברה בנקאית: בנק הפועלים, סניף 12, חשבון 345678

📝 לפני האישור, אנא מלא/י את השאלון המקדים:
https://localhost:54090/poll-vote.html?pollId=1

✅ לאישור הגעה לחץ/י כאן:
https://localhost:54090/rsvp.html?participantId=109&eventId=500

בברכה,
מערכת GatherUp
--------------------------------------------------------------------------------
[2026-06-24 20:51:44] To: michal.cohen.dev@gmail.com | Subject: תשלום התקבל
שלום מיכל כהן,

המשתתף בת ציון נבנצל שילם עבור אירוע "שבת גיבוש משפחתית 2025".

סכום: 200₪

בברכה,
מערכת GatherUp
--------------------------------------------------------------------------------
[2026-06-24 20:51:44] To: avital0583292637@gmail.com | Subject: אישור תשלום
שלום בת ציון נבנצל,

תשלומך עבור אירוע "שבת גיבוש משפחתית 2025" נרשם בהצלחה.

סכום: 200₪

בברכה,
מערכת GatherUp
--------------------------------------------------------------------------------
[2026-06-24 20:52:05] To: michal.cohen.dev@gmail.com | Subject: תשלום התקבל
שלום מיכל כהן,

המשתתף אא שילם עבור אירוע "שבת גיבוש משפחתית 2025".

סכום: 200₪

בברכה,
מערכת GatherUp
--------------------------------------------------------------------------------
[2026-06-24 20:52:05] To: avigai8l78@gmail.com | Subject: אישור תשלום
שלום אא,

תשלומך עבור אירוע "שבת גיבוש משפחתית 2025" נרשם בהצלחה.

סכום: 200₪

בברכה,
מערכת GatherUp
--------------------------------------------------------------------------------
[2026-06-24 22:48:25] To: avigail@gmail.com | Subject: הזמנה לאירוע: שבת גיבוש משפחתית 2025
שלום אביגיל לוי,

אנו שמחים להזמין אותך לשבת גיבוש משפחתית מיוחדת!

📅 תאריך: 24/07/2026
📍 מיקום: ירושלים
💰 סכום לתשלום: 200₪
💳 אפשרויות תשלום: העברה בנקאית: בנק הפועלים, סניף 12, חשבון 345678

📝 לפני האישור, אנא מלא/י את השאלון המקדים:
https://localhost:54090/poll-vote.html?pollId=1

✅ לאישור הגעה לחץ/י כאן:
https://localhost:54090/rsvp.html?participantId=102&eventId=500

בברכה,
מערכת GatherUp
--------------------------------------------------------------------------------
[2026-06-25 00:25:03] To: avigail@gmail.com | Subject: הזמנה מיוחדת — חגיגה
הי מוזמן...
--------------------------------------------------------------------------------
[2026-06-25 08:26:10] To: test.e2e@example.com | Subject: הוזמנת לאירוע: E2E Test Event
שלום Test Participant,

הוזמנת להשתתף באירוע "E2E Test Event".

📅 תאריך: 15/12/2025
📍 מיקום: Jerusalem
💰 מחיר: 150₪

✅ לאישור הגעה לחץ/י על הלינק:
https://localhost:54090/rsvp.html?participantId=104&eventId=505

בברכה,
מערכת GatherUp
--------------------------------------------------------------------------------
[2026-06-25 08:26:11] To: test.e2e@example.com | Subject: הזמנה לאירוע: E2E Test Event
שלום Test Participant,

Welcome to E2E Test

📅 תאריך: 15/12/2025
📍 מיקום: Jerusalem
💰 סכום לתשלום: 150₪
💳 אפשרויות תשלום: Bank transfer

✅ לאישור הגעה לחץ/י כאן:
https://gatherup.app/rsvp?participantId=104&eventId=505

בברכה,
מערכת GatherUp
--------------------------------------------------------------------------------
[2026-06-25 08:26:11] To: michal.cohen.dev@gmail.com | Subject: עדכון הגעה התקבל
שלום מיכל כהן,

המשתתף Test Participant עדכן את סטטוס הגעתו לאירוע "E2E Test Event".

סטטוס: ✅ מגיע/ה

בברכה,
מערכת GatherUp
--------------------------------------------------------------------------------
[2026-06-25 08:26:11] To: test.e2e@example.com | Subject: אישור הגעה נרשם ✅
שלום Test Participant,

אישור הגעתך לאירוע "E2E Test Event" נרשם בהצלחה.

📅 תאריך: 15/12/2025
📍 מיקום: Jerusalem
💰 סכום לתשלום: 150₪

בברכה,
מערכת GatherUp
--------------------------------------------------------------------------------
[2026-06-25 08:26:11] To: michal.cohen.dev@gmail.com | Subject: תשובה חדשה לסקר
שלום מיכל כהן,

המשתתף Test Participant ענה על סקר 4 באירוע E2E Test Event.

בברכה,
מערכת GatherUp
--------------------------------------------------------------------------------
[2026-06-25 08:26:12] To: michal.cohen.dev@gmail.com | Subject: תשלום התקבל
שלום מיכל כהן,

המשתתף Test Participant שילם עבור אירוע "E2E Test Event".

סכום: 150₪

בברכה,
מערכת GatherUp
--------------------------------------------------------------------------------
[2026-06-25 08:26:12] To: test.e2e@example.com | Subject: אישור תשלום
שלום Test Participant,

תשלומך עבור אירוע "E2E Test Event" נרשם בהצלחה.

סכום: 150₪

בברכה,
מערכת GatherUp
--------------------------------------------------------------------------------
[2026-06-25 08:26:13] To: rachel.host@gmail.com | Subject: הזמנה מיוחדת — E2E Test Event
Dear Host, you are invited!
--------------------------------------------------------------------------------
[2026-06-25 08:26:13] To: test.e2e@example.com | Subject: פרטי האירוע עודכנו
שלום Test Participant,

חל עדכון בפרטי האירוע E2E Test Event Updated.

תאריך: 15/12/2025
מיקום: Tel Aviv
מחיר: 150₪

בברכה,
מערכת GatherUp
--------------------------------------------------------------------------------
[2026-06-25 11:09:11] To: avigail@gmail.com | Subject: הזמנה לאירוע: שבת גיבוש משפחתית 2025
שלום אביגיל הלוי,

אנו שמחים להזמין אותך לשבת גיבוש משפחתית מיוחדת!

📅 תאריך: 24/07/2026
📍 מיקום: ירושלים
💰 סכום לתשלום: 200₪
💳 אפשרויות תשלום: העברה בנקאית: בנק הפועלים, סניף 12, חשבון 345678

📝 לפני האישור, אנא מלא/י את השאלון המקדים:
https://localhost:54090/poll-vote.html?pollId=1

✅ לאישור הגעה לחץ/י כאן:
https://localhost:54090/rsvp.html?participantId=102&eventId=500

בברכה,
מערכת GatherUp
--------------------------------------------------------------------------------
[2026-06-25 12:47:48] To: michal.cohen.dev@gmail.com | Subject: עדכון הגעה התקבל
שלום מיכל כהן,

המשתתף אביגיל הלוי עדכן את סטטוס הגעתו לאירוע "שבת גיבוש משפחתית 2025".

סטטוס: ✅ מגיע/ה

בברכה,
מערכת GatherUp
--------------------------------------------------------------------------------
[2026-06-25 12:47:48] To: avigail@gmail.com | Subject: אישור הגעה נרשם ✅
שלום אביגיל הלוי,

אישור הגעתך לאירוע "שבת גיבוש משפחתית 2025" נרשם בהצלחה.

📅 תאריך: 24/07/2026
📍 מיקום: ירושלים
💰 סכום לתשלום: 200₪

בברכה,
מערכת GatherUp
--------------------------------------------------------------------------------
[2026-06-25 13:18:15] To: michal.cohen.dev@gmail.com | Subject: עדכון הגעה התקבל
שלום מיכל כהן,

המשתתף מיכל כהן-לוי עדכן את סטטוס הגעתו לאירוע "שבת גיבוש משפחתית 2025".

סטטוס: ✅ מגיע/ה

בברכה,
מערכת GatherUp
--------------------------------------------------------------------------------
[2026-06-25 13:18:15] To: michal.cohen.dev@gmail.com | Subject: אישור הגעה נרשם ✅
שלום מיכל כהן-לוי,

אישור הגעתך לאירוע "שבת גיבוש משפחתית 2025" נרשם בהצלחה.

📅 תאריך: 24/07/2026
📍 מיקום: ירושלים
💰 סכום לתשלום: 200₪

בברכה,
מערכת GatherUp
--------------------------------------------------------------------------------
[2026-06-25 13:18:22] To: michal.cohen.dev@gmail.com | Subject: עדכון הגעה התקבל
שלום מיכל כהן,

המשתתף מיכל כהן-לוי עדכן את סטטוס הגעתו לאירוע "שבת גיבוש משפחתית 2025".

סטטוס: ❌ לא מגיע/ה

בברכה,
מערכת GatherUp
--------------------------------------------------------------------------------
[2026-06-25 13:18:22] To: michal.cohen.dev@gmail.com | Subject: דיווח אי-הגעה נרשם ❌
שלום מיכל כהן-לוי,

קיבלנו את הודעתך שלא תוכל/י להגיע לאירוע "שבת גיבוש משפחתית 2025".

בברכה,
מערכת GatherUp
--------------------------------------------------------------------------------
[2026-06-25 13:31:05] To: michal.cohen.dev@gmail.com | Subject: עדכון הגעה התקבל
שלום מיכל כהן,

המשתתף מיכל כהן-לוי עדכן את סטטוס הגעתו לאירוע "שבת גיבוש משפחתית 2025".

סטטוס: ✅ מגיע/ה

בברכה,
מערכת GatherUp
--------------------------------------------------------------------------------
[2026-06-25 13:31:05] To: michal.cohen.dev@gmail.com | Subject: אישור הגעה נרשם ✅
שלום מיכל כהן-לוי,

אישור הגעתך לאירוע "שבת גיבוש משפחתית 2025" נרשם בהצלחה.

📅 תאריך: 24/07/2026
📍 מיקום: ירושלים
💰 סכום לתשלום: 200₪

בברכה,
מערכת GatherUp
--------------------------------------------------------------------------------
[2026-06-25 13:31:27] To: michal.cohen.dev@gmail.com | Subject: עדכון הגעה התקבל
שלום מיכל כהן,

המשתתף מיכל כהן-לוי עדכן את סטטוס הגעתו לאירוע "שבת גיבוש משפחתית 2025".

סטטוס: ✅ מגיע/ה

בברכה,
מערכת GatherUp
--------------------------------------------------------------------------------
[2026-06-25 13:31:27] To: michal.cohen.dev@gmail.com | Subject: אישור הגעה נרשם ✅
שלום מיכל כהן-לוי,

אישור הגעתך לאירוע "שבת גיבוש משפחתית 2025" נרשם בהצלחה.

📅 תאריך: 24/07/2026
📍 מיקום: ירושלים
💰 סכום לתשלום: 200₪

בברכה,
מערכת GatherUp
--------------------------------------------------------------------------------
[2026-06-25 13:31:42] To: michal.cohen.dev@gmail.com | Subject: עדכון הגעה התקבל
שלום מיכל כהן,

המשתתף מיכל כהן-לוי עדכן את סטטוס הגעתו לאירוע "שבת גיבוש משפחתית 2025".

סטטוס: ❌ לא מגיע/ה

בברכה,
מערכת GatherUp
--------------------------------------------------------------------------------
[2026-06-25 13:31:42] To: michal.cohen.dev@gmail.com | Subject: דיווח אי-הגעה נרשם ❌
שלום מיכל כהן-לוי,

קיבלנו את הודעתך שלא תוכל/י להגיע לאירוע "שבת גיבוש משפחתית 2025".

בברכה,
מערכת GatherUp
--------------------------------------------------------------------------------
[2026-06-25 13:31:57] To: sarah.levi.manager@gmail.com | Subject: עדכון הגעה התקבל
שלום שרה לוי,

המשתתף מיכל כהן-לוי עדכן את סטטוס הגעתו לאירוע "מסיבת יום הולדת לרחל".

סטטוס: ❌ לא מגיע/ה

בברכה,
מערכת GatherUp
--------------------------------------------------------------------------------
[2026-06-25 13:31:57] To: michal.cohen.dev@gmail.com | Subject: דיווח אי-הגעה נרשם ❌
שלום מיכל כהן-לוי,

קיבלנו את הודעתך שלא תוכל/י להגיע לאירוע "מסיבת יום הולדת לרחל".

בברכה,
מערכת GatherUp
--------------------------------------------------------------------------------
[2026-06-25 13:33:31] To: michal.cohen.dev@gmail.com | Subject: עדכון הגעה התקבל
שלום מיכל כהן,

המשתתף מיכל כהן-לוי עדכן את סטטוס הגעתו לאירוע "שבת גיבוש משפחתית 2025".

סטטוס: ✅ מגיע/ה

בברכה,
מערכת GatherUp
--------------------------------------------------------------------------------
[2026-06-25 13:33:32] To: michal.cohen.dev@gmail.com | Subject: אישור הגעה נרשם ✅
שלום מיכל כהן-לוי,

אישור הגעתך לאירוע "שבת גיבוש משפחתית 2025" נרשם בהצלחה.

📅 תאריך: 24/07/2026
📍 מיקום: ירושלים
💰 סכום לתשלום: 200₪

בברכה,
מערכת GatherUp
--------------------------------------------------------------------------------
[2026-06-25 13:34:04] To: sarah.levi.manager@gmail.com | Subject: עדכון הגעה התקבל
שלום שרה לוי,

המשתתף מיכל כהן-לוי עדכן את סטטוס הגעתו לאירוע "מסיבת יום הולדת לרחל".

סטטוס: ✅ מגיע/ה

בברכה,
מערכת GatherUp
--------------------------------------------------------------------------------
[2026-06-25 13:34:04] To: michal.cohen.dev@gmail.com | Subject: אישור הגעה נרשם ✅
שלום מיכל כהן-לוי,

אישור הגעתך לאירוע "מסיבת יום הולדת לרחל" נרשם בהצלחה.

📅 תאריך: 23/08/2026
📍 מיקום: תל אביב
💰 סכום לתשלום: 150₪

בברכה,
מערכת GatherUp
--------------------------------------------------------------------------------
[2026-06-25 13:47:59] To: sarah.levi.manager@gmail.com | Subject: עדכון הגעה התקבל
שלום שרה לוי,

המשתתף מיכל כהן-לוי עדכן את סטטוס הגעתו לאירוע "מסיבת יום הולדת לרחל".

סטטוס: ✅ מגיע/ה

בברכה,
מערכת GatherUp
--------------------------------------------------------------------------------
[2026-06-25 13:47:59] To: michal.cohen.dev@gmail.com | Subject: אישור הגעה נרשם ✅
שלום מיכל כהן-לוי,

אישור הגעתך לאירוע "מסיבת יום הולדת לרחל" נרשם בהצלחה.

📅 תאריך: 23/08/2026
📍 מיקום: תל אביב
💰 סכום לתשלום: 150₪

בברכה,
מערכת GatherUp
--------------------------------------------------------------------------------
[2026-06-25 13:54:01] To: michal.cohen.dev@gmail.com | Subject: עדכון הגעה התקבל
שלום מיכל כהן,

המשתתף מיכל כהן-לוי עדכן את סטטוס הגעתו לאירוע "שבת גיבוש משפחתית 2025".

סטטוס: ❌ לא מגיע/ה

בברכה,
מערכת GatherUp
--------------------------------------------------------------------------------
[2026-06-25 13:54:01] To: michal.cohen.dev@gmail.com | Subject: דיווח אי-הגעה נרשם ❌
שלום מיכל כהן-לוי,

קיבלנו את הודעתך שלא תוכל/י להגיע לאירוע "שבת גיבוש משפחתית 2025".

בברכה,
מערכת GatherUp
--------------------------------------------------------------------------------
[2026-06-25 13:54:21] To: michal.cohen.dev@gmail.com | Subject: עדכון הגעה התקבל
שלום מיכל כהן,

המשתתף מיכל כהן-לוי עדכן את סטטוס הגעתו לאירוע "שבת גיבוש משפחתית 2025".

סטטוס: ✅ מגיע/ה

בברכה,
מערכת GatherUp
--------------------------------------------------------------------------------
[2026-06-25 13:54:21] To: michal.cohen.dev@gmail.com | Subject: אישור הגעה נרשם ✅
שלום מיכל כהן-לוי,

אישור הגעתך לאירוע "שבת גיבוש משפחתית 2025" נרשם בהצלחה.

📅 תאריך: 24/07/2026
📍 מיקום: ירושלים
💰 סכום לתשלום: 200₪

בברכה,
מערכת GatherUp
--------------------------------------------------------------------------------
